../Core/Src/main.c:81:5:main	48	static
../Core/Src/main.c:250:6:SystemClock_Config	88	static
../Core/Src/main.c:298:13:MX_ADC1_Init	24	static
../Core/Src/main.c:350:13:MX_ADC2_Init	24	static
../Core/Src/main.c:402:13:MX_USART1_UART_Init	8	static
../Core/Src/main.c:435:13:MX_USART2_UART_Init	8	static
../Core/Src/main.c:468:13:MX_GPIO_Init	48	static
../Core/Src/main.c:504:6:HAL_ADC_ConvCpltCallback	16	static
../Core/Src/main.c:524:6:HAL_UART_RxCpltCallback	16	static
../Core/Src/main.c:540:6:Error_Handler	4	static,ignoring_inline_asm
