../Core/Src/main.c:76:5:main	16	static
../Core/Src/main.c:155:6:SystemClock_Config	88	static
../Core/Src/main.c:203:13:MX_ADC1_Init	24	static
../Core/Src/main.c:255:13:MX_ADC2_Init	24	static
../Core/Src/main.c:307:13:MX_USART1_UART_Init	8	static
../Core/Src/main.c:340:13:MX_USART2_UART_Init	8	static
../Core/Src/main.c:373:13:MX_GPIO_Init	48	static
../Core/Src/main.c:409:6:HAL_ADC_ConvCpltCallback	16	static
../Core/Src/main.c:421:6:HAL_UART_RxCpltCallback	16	static
../Core/Src/main.c:433:6:Error_Handler	4	static,ignoring_inline_asm
